/*---------------------------------------------------------------------------*\
  =========                 |
  \\      /  F ield         | OpenFOAM: The Open Source CFD Toolbox
   \\    /   O peration     | Website:  https://openfoam.org
    \\  /    A nd           | Version:  13
     \\/     M anipulation  |
\*---------------------------------------------------------------------------*/
Build  : 13-441953dfbb42
Exec   : blockMesh
Date   : Jun 11 2026
Time   : 20:36:58
Host   : "Shubh"
PID    : 1862
I/O    : uncollated
Case   : /home/shubh/Droplet-Generator-Microchannel/fluidCase
nProcs : 1
sigFpe : Enabling floating point exception trapping (FOAM_SIGFPE).
fileModificationChecking : Monitoring run-time modified files using timeStampMaster (fileModificationSkew 10)
allowSystemOperations : Allowing user-supplied system call operations

// * * * * * * * * * * * * * * * * * * * * * * * * * * * * * * * * * * * * * //
Create time

Reading "blockMeshDict"

Creating block mesh from
    "system/blockMeshDict"
Creating block edges
No non-planar block faces defined
Creating topology blocks
Creating topology patches

Creating block mesh topology

Basic statistics
    Number of internal faces : 8
    Number of boundary faces : 14
    Number of defined boundary faces : 14
    Number of undefined boundary faces : 0

Checking topology
Creating block offsets
Creating merge list .

Creating polyMesh from blockMesh
Creating patches
Creating cells
Creating points with scale 1
    Block 0 cell size :
        i : 0.00047140452 0.00044839266 .. 0.00044839266 0.00047140452 0.00044839266 
        j : 9.7631073e-05 8.2970458e-05 .. 8.2970458e-05 9.7631073e-05 .. 9.7631073e-05 8.2970458e-05 
        k : 0.00017605634 .. 0.00017605634
    Block 1 cell size :
        i : 9.7631073e-05 .. 9.7631073e-05 8.2970458e-05 .. 8.2970458e-05 9.7631073e-05 8.2970458e-05 .. 8.2970458e-05 
        j : 0.00047140452 .. 0.00047140452 0.00044839266 .. 0.00044839266 0.00047140452 0.00044839266 .. 0.00044839266 
        k : 0.00017605634 .. 0.00017605634
    Block 2 cell size :
        i : 9.7631073e-05 .. 9.7631073e-05 8.2970458e-05 9.7631073e-05 .. 9.7631073e-05 8.2970458e-05 .. 8.2970458e-05 
        j : 0.00033333333 0.0003563452 .. 0.0003563452 0.00033333333 0.0003563452 .. 0.0003563452 
        k : 0.00017605634 .. 0.00017605634
    Block 3 cell size :
        i : 0.00033333333 .. 0.00033333333 0.0003563452 0.00033333333 .. 0.00033333333 0.0003563452 .. 0.0003563452 
        j : 9.7631073e-05 8.2970458e-05 .. 8.2970458e-05 9.7631073e-05 .. 9.7631073e-05 8.2970458e-05 .. 8.2970458e-05 
        k : 0.00017605634 .. 0.00017605634
    Block 4 cell size :
        i : 0.00033333333 .. 0.00033333333
        j : 0.00033333333
        k : 0.00017605634 .. 0.00017605634

No patch pairs to merge

Writing polyMesh
----------------
Mesh Information
----------------
  boundingBox: (0 -0.0014142136 -0.0014142136) (0.05 0.0014142136 0.0014142136)
  nPoints: 55005
  nCells: 51120
  nFaces: 156948
  nInternalFaces: 149772
----------------
Patches
----------------
  patch 0 (start: 149772 size: 180) name: inlet
  patch 1 (start: 149952 size: 180) name: outlet
  patch 2 (start: 150132 size: 6816) name: pipeWall

End

