/*---------------------------------------------------------------------------*\
  =========                 |
  \\      /  F ield         | OpenFOAM: The Open Source CFD Toolbox
   \\    /   O peration     | Website:  https://openfoam.org
    \\  /    A nd           | Version:  13
     \\/     M anipulation  |
\*---------------------------------------------------------------------------*/
Build  : 13-441953dfbb42
Exec   : blockMesh
Date   : Jun 11 2026
Time   : 20:36:58
Host   : "Shubh"
PID    : 1865
I/O    : uncollated
Case   : /home/shubh/Droplet-Generator-Microchannel/solidCase
nProcs : 1
sigFpe : Enabling floating point exception trapping (FOAM_SIGFPE).
fileModificationChecking : Monitoring run-time modified files using timeStampMaster (fileModificationSkew 10)
allowSystemOperations : Allowing user-supplied system call operations

// * * * * * * * * * * * * * * * * * * * * * * * * * * * * * * * * * * * * * //
Create time

Reading "blockMeshDict"

Creating block mesh from
    "system/blockMeshDict"
Creating block edges
No non-planar block faces defined
Creating topology blocks
Creating topology patches

Creating block mesh topology

Basic statistics
    Number of internal faces : 4
    Number of boundary faces : 16
    Number of defined boundary faces : 16
    Number of undefined boundary faces : 0

Checking topology
Creating block offsets
Creating merge list .

Creating polyMesh from blockMesh
Creating patches
Creating cells
Creating points with scale 1
    Block 0 cell size :
        i : 0.000565685 0.000549972 .. 0.000549972 0.000565685 0.000549972 .. 0.000549972 
        j : 6.66667e-05 .. 6.66667e-05 5.66558e-05 6.66667e-05 .. 6.66667e-05 5.66558e-05 .. 5.66558e-05 
        k : 0.0003125 .. 0.0003125
    Block 1 cell size :
        i : 6.66667e-05 .. 6.66667e-05 5.66558e-05 .. 5.66558e-05 6.66667e-05 .. 6.66667e-05 5.66558e-05 .. 5.66558e-05 
        j : 0.000565685 0.000549972 .. 0.000549972 0.000565685 0.000549972 .. 0.000549972 
        k : 0.0003125 .. 0.0003125
    Block 2 cell size :
        i : 6.66667e-05 5.66558e-05 .. 5.66558e-05 6.66667e-05 .. 6.66667e-05 5.66558e-05 .. 5.66558e-05 
        j : 0.000471405 .. 0.000471405 0.000487118 .. 0.000487118 0.000471405 .. 0.000471405 0.000487118 
        k : 0.0003125 .. 0.0003125
    Block 3 cell size :
        i : 0.000471405 .. 0.000471405 0.000487118 .. 0.000487118 0.000471405 .. 0.000471405 0.000487118 .. 0.000487118 
        j : 6.66667e-05 5.66558e-05 .. 5.66558e-05 6.66667e-05 5.66558e-05 .. 5.66558e-05 
        k : 0.0003125 .. 0.0003125

No patch pairs to merge

Writing polyMesh
----------------
Mesh Information
----------------
  boundingBox: (0 -0.00169706 -0.00169706) (0.05 0.00169706 0.00169706)
  nPoints: 27048
  nCells: 23040
  nFaces: 73104
  nInternalFaces: 65136
----------------
Patches
----------------
  patch 0 (start: 65136 size: 144) name: inletEnd
  patch 1 (start: 65280 size: 144) name: outletEnd
  patch 2 (start: 65424 size: 3840) name: innerWall
  patch 3 (start: 69264 size: 3840) name: outerWall

End

