/*---------------------------------------------------------------------------*\
  =========                 |
  \\      /  F ield         | OpenFOAM: The Open Source CFD Toolbox
   \\    /   O peration     | Website:  https://openfoam.org
    \\  /    A nd           | Version:  13
     \\/     M anipulation  |
\*---------------------------------------------------------------------------*/
Build  : 13-441953dfbb42
Exec   : setFields
Date   : Jun 11 2026
Time   : 20:44:33
Host   : "Shubh"
PID    : 1964
I/O    : uncollated
Case   : /home/shubh/Droplet-Generator-Microchannel/fluidCase
nProcs : 1
sigFpe : Enabling floating point exception trapping (FOAM_SIGFPE).
fileModificationChecking : Monitoring run-time modified files using timeStampMaster (fileModificationSkew 10)
allowSystemOperations : Allowing user-supplied system call operations

// * * * * * * * * * * * * * * * * * * * * * * * * * * * * * * * * * * * * * //
Create time

Create mesh for time = 0

Reading "setFieldsDict"

Setting field default values
    Setting volScalarField::Internal alpha.water

Setting field zone values
Zone: droplet
    Setting volScalarField::Internal alpha.water

End

